
确认磁盘是否挂载(例):  
> df -hl  

```text
>  df -hl
Filesystem      Size  Used Avail Use% Mounted on
udev            3.9G     0  3.9G   0% /dev
tmpfs           784M  3.0M  781M   1% /run
/dev/vda1        20G  3.4G   16G  19% /
tmpfs           3.9G     0  3.9G   0% /dev/shm
tmpfs           5.0M     0  5.0M   0% /run/lock
tmpfs           3.9G     0  3.9G   0% /sys/fs/cgroup
tmpfs           784M     0  784M   0% /run/user/0
```

查看磁盘列表(例):  
> fdisk -l  

```text
> fdisk -l  
Disk /dev/vda: 20 GiB, 21474836480 bytes, 41943040 sectors
Units: sectors of 1 * 512 = 512 bytes
Sector size (logical/physical): 512 bytes / 512 bytes
I/O size (minimum/optimal): 512 bytes / 512 bytes
Disklabel type: dos
Disk identifier: 0x85af8613

Device     Boot Start      End  Sectors Size Id Type
/dev/vda1  *     2048 41940991 41938944  20G 83 Linux


Disk /dev/vdb: 500 GiB, 536870912000 bytes, 1048576000 sectors
Units: sectors of 1 * 512 = 512 bytes
Sector size (logical/physical): 512 bytes / 512 bytes
I/O size (minimum/optimal): 512 bytes / 512 bytes

```
从上描述中可看出/dev/vdb未进行磁盘挂载

选择未被挂载的数据盘，根据指示进行选项，文中记录为默认 (n -> p -> 1 -> 默认 -> 默认 -> wq)
> fdisk /dev/vdb  

```text  
> fdisk /dev/vdb 

Welcome to fdisk (util-linux 2.31.1).
Changes will remain in memory only, until you decide to write them.
Be careful before using the write command.

Device does not contain a recognized partition table.
Created a new DOS disklabel with disk identifier 0xf3145999.

Command (m for help): n
Partition type
   p   primary (0 primary, 0 extended, 4 free)
   e   extended (container for logical partitions)
Select (default p): p
Partition number (1-4, default 1): 1
First sector (2048-1048575999, default 2048): 
Last sector, +sectors or +size{K,M,G,T,P} (2048-1048575999, default 1048575999): 

Created a new partition 1 of type 'Linux' and of size 500 GiB.

Command (m for help): wq
The partition table has been altered.
Calling ioctl() to re-read partition table.
Syncing disks.

```
重新进行磁盘查看，可看到原磁盘已经被挂载
> fdisk -l  

```text

Disk /dev/vda: 20 GiB, 21474836480 bytes, 41943040 sectors
Units: sectors of 1 * 512 = 512 bytes
Sector size (logical/physical): 512 bytes / 512 bytes
I/O size (minimum/optimal): 512 bytes / 512 bytes
Disklabel type: dos
Disk identifier: 0x85af8613

Device     Boot Start      End  Sectors Size Id Type
/dev/vda1  *     2048 41940991 41938944  20G 83 Linux


Disk /dev/vdb: 500 GiB, 536870912000 bytes, 1048576000 sectors
Units: sectors of 1 * 512 = 512 bytes
Sector size (logical/physical): 512 bytes / 512 bytes
I/O size (minimum/optimal): 512 bytes / 512 bytes
Disklabel type: dos
Disk identifier: 0xf3145999

Device     Boot Start        End    Sectors  Size Id Type
/dev/vdb1        2048 1048575999 1048573952  500G 83 Linux

```  

以ext4格式对磁盘进行初始化，并准备挂载目录(/data)，将配置写入/etc/fstab
> mkfs.ext4 /dev/vdb1  
> mkdir /data  
> echo /dev/vdb1 /data ext4 defaults 0 0 >> /etc/fstab  
> cd /data
> mount -a  

再次查看则成功挂载到/data路径下

```text
Filesystem      Size  Used Avail Use% Mounted on
udev            3.9G     0  3.9G   0% /dev
tmpfs           784M  3.0M  781M   1% /run
/dev/vda1        20G  3.4G   16G  19% /
tmpfs           3.9G     0  3.9G   0% /dev/shm
tmpfs           5.0M     0  5.0M   0% /run/lock
tmpfs           3.9G     0  3.9G   0% /sys/fs/cgroup
tmpfs           784M     0  784M   0% /run/user/0
/dev/vdb1       492G   73M  467G   1% /data
```